--------------------------------------------------------------------------------------
Timing Analyzer Summary
--------------------------------------------------------------------------------------

Type           : Worst-case tsu
Slack          : N/A
Required Time  : None
Actual Time    : 7.069 ns
From           : abus_in[2]
To             : PC[9]
From Clock     : --
To Clock       : clk_in
Failed Paths   : 0

Type           : Worst-case tco
Slack          : N/A
Required Time  : None
Actual Time    : 11.081 ns
From           : PC[1]
To             : nextpc_out[12]
From Clock     : clk_in
To Clock       : --
Failed Paths   : 0

Type           : Worst-case tpd
Slack          : N/A
Required Time  : None
Actual Time    : 14.865 ns
From           : abus_in[2]
To             : dbus_out[3]
From Clock     : --
To Clock       : --
Failed Paths   : 0

Type           : Worst-case th
Slack          : N/A
Required Time  : None
Actual Time    : -3.097 ns
From           : dbus_in[5]
To             : PC[5]
From Clock     : --
To Clock       : clk_in
Failed Paths   : 0

Type           : Clock Setup: 'clk_in'
Slack          : N/A
Required Time  : None
Actual Time    : 311.82 MHz ( period = 3.207 ns )
From           : PC[1]
To             : PC[10]
From Clock     : clk_in
To Clock       : clk_in
Failed Paths   : 0

Type           : Total number of failed paths
Slack          : 
Required Time  : 
Actual Time    : 
From           : 
To             : 
From Clock     : 
To Clock       : 
Failed Paths   : 0

--------------------------------------------------------------------------------------

