--------------------------------------------------------------------------------------
Timing Analyzer Summary
--------------------------------------------------------------------------------------

Type           : Worst-case tsu
Slack          : N/A
Required Time  : None
Actual Time    : 5.265 ns
From           : stack_push
To             : stack_reg[7][9]
From Clock     : --
To Clock       : clk_in
Failed Paths   : 0

Type           : Worst-case tco
Slack          : N/A
Required Time  : None
Actual Time    : 8.835 ns
From           : stack_reg[0][2]
To             : stack_out[2]
From Clock     : clk_in
To Clock       : --
Failed Paths   : 0

Type           : Worst-case th
Slack          : N/A
Required Time  : None
Actual Time    : 0.770 ns
From           : stack_pop
To             : stack_reg[7][7]
From Clock     : --
To Clock       : clk_in
Failed Paths   : 0

Type           : Clock Setup: 'clk_in'
Slack          : N/A
Required Time  : None
Actual Time    : Restricted to 420.17 MHz ( period = 2.380 ns )
From           : stack_reg[5][11]
To             : stack_reg[4][11]
From Clock     : clk_in
To Clock       : clk_in
Failed Paths   : 0

Type           : Total number of failed paths
Slack          : 
Required Time  : 
Actual Time    : 
From           : 
To             : 
From Clock     : 
To Clock       : 
Failed Paths   : 0

--------------------------------------------------------------------------------------

