--------------------------------------------------------------------------------------
Timing Analyzer Summary
--------------------------------------------------------------------------------------

Type           : Worst-case tsu
Slack          : N/A
Required Time  : None
Actual Time    : 7.034 ns
From           : abus_in[4]
To             : registrador[2]
From Clock     : --
To Clock       : clk_in
Failed Paths   : 0

Type           : Worst-case tco
Slack          : N/A
Required Time  : None
Actual Time    : 9.381 ns
From           : irp_out~reg0
To             : irp_out
From Clock     : clk_in
To Clock       : --
Failed Paths   : 0

Type           : Worst-case th
Slack          : N/A
Required Time  : None
Actual Time    : -3.519 ns
From           : dbus_in[7]
To             : registrador[7]
From Clock     : --
To Clock       : clk_in
Failed Paths   : 0

Type           : Clock Setup: 'clk_in'
Slack          : N/A
Required Time  : None
Actual Time    : Restricted to 420.17 MHz ( period = 2.380 ns )
From           : registrador[2]
To             : z_out~reg0
From Clock     : clk_in
To Clock       : clk_in
Failed Paths   : 0

Type           : Total number of failed paths
Slack          : 
Required Time  : 
Actual Time    : 
From           : 
To             : 
From Clock     : 
To Clock       : 
Failed Paths   : 0

--------------------------------------------------------------------------------------

